// Jest Snapshot v1, https://goo.gl/fbAQLP

exports[`Counter component should match snapshot 1`] = `
<div
  class="counter"
>
  <div>
    0
  </div>
  <div>
    <button>
      -
    </button>
    <button>
      +
    </button>
  </div>
</div>
`;
